------------------------------------------------------------
Timing Analyzer Summary
------------------------------------------------------------

Type  : Slow 1100mV 85C Model Setup 'CLOCK_50'
Slack : -5.395
TNS   : -128.131

Type  : Slow 1100mV 85C Model Setup 'divfreq:my_divfreq|clk_i'
Slack : -2.005
TNS   : -36.831

Type  : Slow 1100mV 85C Model Hold 'CLOCK_50'
Slack : 0.378
TNS   : 0.000

Type  : Slow 1100mV 85C Model Hold 'divfreq:my_divfreq|clk_i'
Slack : 0.707
TNS   : 0.000

Type  : Slow 1100mV 85C Model Minimum Pulse Width 'CLOCK_50'
Slack : -0.678
TNS   : -30.891

Type  : Slow 1100mV 85C Model Minimum Pulse Width 'divfreq:my_divfreq|clk_i'
Slack : -0.394
TNS   : -13.814

Type  : Slow 1100mV 0C Model Setup 'CLOCK_50'
Slack : -5.436
TNS   : -125.635

Type  : Slow 1100mV 0C Model Setup 'divfreq:my_divfreq|clk_i'
Slack : -1.968
TNS   : -34.741

Type  : Slow 1100mV 0C Model Hold 'CLOCK_50'
Slack : 0.377
TNS   : 0.000

Type  : Slow 1100mV 0C Model Hold 'divfreq:my_divfreq|clk_i'
Slack : 0.698
TNS   : 0.000

Type  : Slow 1100mV 0C Model Minimum Pulse Width 'CLOCK_50'
Slack : -0.702
TNS   : -28.141

Type  : Slow 1100mV 0C Model Minimum Pulse Width 'divfreq:my_divfreq|clk_i'
Slack : -0.394
TNS   : -13.296

Type  : Fast 1100mV 85C Model Setup 'CLOCK_50'
Slack : -3.212
TNS   : -58.210

Type  : Fast 1100mV 85C Model Setup 'divfreq:my_divfreq|clk_i'
Slack : -0.908
TNS   : -15.538

Type  : Fast 1100mV 85C Model Hold 'CLOCK_50'
Slack : 0.202
TNS   : 0.000

Type  : Fast 1100mV 85C Model Hold 'divfreq:my_divfreq|clk_i'
Slack : 0.317
TNS   : 0.000

Type  : Fast 1100mV 85C Model Minimum Pulse Width 'CLOCK_50'
Slack : -0.749
TNS   : -21.392

Type  : Fast 1100mV 85C Model Minimum Pulse Width 'divfreq:my_divfreq|clk_i'
Slack : 0.007
TNS   : 0.000

Type  : Fast 1100mV 0C Model Setup 'CLOCK_50'
Slack : -2.889
TNS   : -50.460

Type  : Fast 1100mV 0C Model Setup 'divfreq:my_divfreq|clk_i'
Slack : -0.793
TNS   : -12.809

Type  : Fast 1100mV 0C Model Hold 'CLOCK_50'
Slack : 0.191
TNS   : 0.000

Type  : Fast 1100mV 0C Model Hold 'divfreq:my_divfreq|clk_i'
Slack : 0.291
TNS   : 0.000

Type  : Fast 1100mV 0C Model Minimum Pulse Width 'CLOCK_50'
Slack : -0.782
TNS   : -25.337

Type  : Fast 1100mV 0C Model Minimum Pulse Width 'divfreq:my_divfreq|clk_i'
Slack : 0.039
TNS   : 0.000

------------------------------------------------------------
